MemTotal:         188664 kB
MemFree:          116172 kB
Buffers:            2956 kB
Cached:            33996 kB
SwapCached:            0 kB
Active:            24080 kB
Inactive:          27260 kB
Active(anon):      14676 kB
Inactive(anon):        8 kB
Active(file):       9404 kB
Inactive(file):    27252 kB
Unevictable:           0 kB
Mlocked:               0 kB
HighTotal:             0 kB
HighFree:              0 kB
LowTotal:         188664 kB
LowFree:          116172 kB
SwapTotal:             0 kB
SwapFree:              0 kB
Dirty:                 0 kB
Writeback:             0 kB
AnonPages:         14380 kB
Mapped:             6148 kB
Shmem:               296 kB
Slab:              15936 kB
SReclaimable:       7828 kB
SUnreclaim:         8108 kB
KernelStack:         472 kB
PageTables:          312 kB
NFS_Unstable:          0 kB
Bounce:                0 kB
WritebackTmp:          0 kB
CommitLimit:       94332 kB
Committed_AS:     139096 kB
VmallocTotal:     761696 kB
VmallocUsed:       11632 kB
VmallocChunk:     748656 kB
